Set paper size 	419.5275636	595.275597
Begin page
Mx 	40.9764
My 	67.6056
Set font 	Gentium Plus;50;400;;normal;;LTR
T	41 w=23.9014	(F)
Mx 	68.7817
Mx 	79.7925
T	17 w=11.4502	(.)
Mx 	106.1574
Mx 	117.1682
T	17 w=11.4502	(.)
Mx 	143.5331
Mx 	154.5439
T	17 w=11.4502	(.)
Mx 	180.9088
Mx 	191.9195
T	17 w=11.4502	(.)
Mx 	218.2845
Mx 	229.2952
T	17 w=11.4502	(.)
Mx 	255.6602
Mx 	266.6709
T	17 w=11.4502	(.)
Mx 	293.0359
Mx 	304.0466
T	17 w=11.4502	(.)
Mx 	330.4115
T	69 68 85 w=68.1396	(bar)
Mx 	40.9764
My 	127.6056
T	41 82 82 w=74.1943	(Foo)
Mx 	117.2294
Mx 	128.2401
T	17 w=11.4502	(.)
Mx 	152.7597
Mx 	163.7705
T	17 w=11.4502	(.)
Mx 	188.2901
Mx 	199.3008
T	17 w=11.4502	(.)
Mx 	223.8205
Mx 	234.8312
T	17 w=11.4502	(.)
Mx 	259.3508
Mx 	270.3616
T	17 w=11.4502	(.)
Mx 	294.8812
Mx 	305.8919
T	17 w=11.4502	(.)
Mx 	330.4115
T	69 68 85 w=68.1396	(bar)
Mx 	40.9764
My 	187.6056
T	41 82 82 w=74.1943	(Foo)
Mx 	128.3836
T	73 w=15.5518	(f)
Mx 	147.1217
Mx 	158.1324
T	17 w=11.4502	(.)
Mx 	183.7796
Mx 	194.7904
T	17 w=11.4502	(.)
Mx 	220.4376
Mx 	231.4484
T	17 w=11.4502	(.)
Mx 	257.0956
Mx 	268.1063
T	17 w=11.4502	(.)
Mx 	293.7536
Mx 	304.7643
T	17 w=11.4502	(.)
Mx 	330.4115
T	69 68 85 w=68.1396	(bar)
Mx 	40.9764
My 	247.6056
T	41 82 82 w=74.1943	(Foo)
Mx 	128.3836
T	73 82 82 w=65.8447	(foo)
Mx 	194.6876
Mx 	205.6984
T	17 w=11.4502	(.)
Mx 	228.6186
Mx 	239.6293
T	17 w=11.4502	(.)
Mx 	262.5496
Mx 	273.5603
T	17 w=11.4502	(.)
Mx 	296.4806
Mx 	307.4913
T	17 w=11.4502	(.)
Mx 	330.4115
T	69 68 85 w=68.1396	(bar)
Mx 	40.9764
My 	307.6056
T	41 82 82 w=74.1943	(Foo)
Mx 	128.3836
T	73 82 82 w=65.8447	(foo)
Mx 	207.4412
T	73 w=15.5518	(f)
Mx 	224.7439
Mx 	235.7546
T	17 w=11.4502	(.)
Mx 	259.9664
Mx 	270.9772
T	17 w=11.4502	(.)
Mx 	295.1890
Mx 	306.1997
T	17 w=11.4502	(.)
Mx 	330.4115
T	69 68 85 w=68.1396	(bar)
Mx 	40.9764
My 	367.6056
T	41 82 82 w=74.1943	(Foo)
Mx 	128.3836
T	73 82 82 w=65.8447	(foo)
Mx 	207.4412
T	73 82 82 w=65.8447	(foo)
Mx 	285.1129
Mx 	296.1236
T	17 w=11.4502	(.)
Mx 	330.4115
T	69 68 85 w=68.1396	(bar)
End page
Finish
