Set paper size 	209.7637818	297.6377985
Begin page
Mx 	104.1628
My 	105.4894
Set font 	Amiri;30;400;;normal;;RTL
Mx 	14.2800
Mx 	7.7400
Mx 	16.8300
Mx 	14.3100
T	5147 a=14.2800 5064 a=7.7400 430 x=2.1300 y=-13.9200 3119 a=14.1900 x=2.6400 430 x=-2.2800 2055 a=14.3100	(عَرَبي)
Mx 	146.1156
My 	45.9619
Mx 	14.2800
Mx 	7.7400
Mx 	16.8300
Mx 	14.3100
T	5147 a=14.2800 5064 a=7.7400 430 x=2.1300 y=-13.9200 3119 a=14.1900 x=2.6400 430 x=-2.2800 2055 a=14.3100	(عَرَبي)
End page
Finish
