Set paper size 	297.6377985	419.5275636
Begin page
Mx 	34.8819
My 	27.4464
Set font 	Libertinus Serif;10;400;;normal;;LTR
T	57 w=6.6000	(X)
My 	49.4464
Mx 	5.7200
Mx 	4.4700
Mx 	3.7200
Mx 	3.9000
Mx 	2.7100
Mx 	5.0400
Mx 	5.4200
T	55 a=6.5200 70 a=4.4700 83 a=3.7200 84 a=3.9000 74 a=2.7100 80 a=5.0400 79 a=5.4200	(Version)
Mx 	68.8872
T	23 15 26 w=11.5000	(6.9)
End page
Finish
