Set paper size 	419.5275636	595.275597
Begin page
Mx 	40.9764
My 	37.3321
Set font 	Gentium Plus;10;400;;normal;;LTR
T	79 82 85 72 80 w=24.3506	(lorem)
Mx 	68.0973
T	76 83 86 88 80 w=25.2002	(ipsum)
Mx 	96.0678
T	71 82 79 82 85 w=21.9287	(dolor)
Mx 	120.7668
T	86 76 87 w=10.0146	(sit)
Mx 	133.5518
T	68 80 72 87 w=20.6836	(amet)
Mx 	157.0057
T	70 82 81 86 72 87 72 87 88 85 w=44.1602	(consetetur)
Mx 	203.9361
T	86 68 71 76 83 86 70 76 81 74 w=42.9980	(sadipscing)
Mx 	249.7045
T	72 79 76 87 85 w=17.4414	(elitr)
Mx 	269.9162
T	86 72 71 w=13.6816	(sed)
Mx 	286.3682
T	71 76 68 80 w=20.5322	(diam)
Mx 	309.6707
T	81 82 81 88 80 92 w=34.3262	(nonumy)
Mx 	346.7672
T	72 76 85 80 82 71 w=29.5508	(eirmod)
Mx 	379.0883
T	87 72 80 w=16.0938	(tem)
Mx 	395.1820
T	16 w=3.3691	(-)
Mx 	20.9764
My 	49.3321
T	83 82 85 w=14.2871	(por)
Mx 	37.9406
T	76 81 89 76 71 88 81 87 w=35.3271	(invidunt)
Mx 	75.9449
T	88 87 w=8.7402	(ut)
Mx 	40.9764
My 	61.3321
T	95 w=2.4414	(|)
Mx 	396.1098
T	95 w=2.4414	(|)
Mx 	40.9764
My 	73.3321
T	95 w=2.4414	(|)
Mx 	43.5043
Mx 	45.7065
T	17 w=2.2900	(.)
Mx 	50.2852
Mx 	52.4873
T	17 w=2.2900	(.)
Mx 	57.0661
Mx 	59.2682
T	17 w=2.2900	(.)
Mx 	63.8469
Mx 	66.0491
T	17 w=2.2900	(.)
Mx 	70.6278
Mx 	72.8300
T	17 w=2.2900	(.)
Mx 	77.4087
Mx 	79.6108
T	17 w=2.2900	(.)
Mx 	84.1896
Mx 	86.3917
T	17 w=2.2900	(.)
Mx 	90.9704
Mx 	93.1726
T	17 w=2.2900	(.)
Mx 	97.7513
Mx 	99.9535
T	17 w=2.2900	(.)
Mx 	104.5322
Mx 	106.7343
T	17 w=2.2900	(.)
Mx 	111.3131
Mx 	113.5152
T	17 w=2.2900	(.)
Mx 	118.0939
Mx 	120.2961
T	17 w=2.2900	(.)
Mx 	124.8748
Mx 	127.0770
T	17 w=2.2900	(.)
Mx 	131.6557
Mx 	133.8578
T	17 w=2.2900	(.)
Mx 	138.4366
Mx 	140.6387
T	17 w=2.2900	(.)
Mx 	145.2174
Mx 	147.4196
T	17 w=2.2900	(.)
Mx 	151.9983
Mx 	154.2005
T	17 w=2.2900	(.)
Mx 	158.7792
Mx 	160.9813
T	17 w=2.2900	(.)
Mx 	165.5601
Mx 	167.7622
T	17 w=2.2900	(.)
Mx 	172.3409
Mx 	174.5431
T	17 w=2.2900	(.)
Mx 	179.1218
Mx 	181.3240
T	17 w=2.2900	(.)
Mx 	185.9027
Mx 	188.1048
T	17 w=2.2900	(.)
Mx 	192.6836
Mx 	194.8857
T	17 w=2.2900	(.)
Mx 	199.4644
Mx 	201.6666
T	17 w=2.2900	(.)
Mx 	206.2453
Mx 	208.4475
T	17 w=2.2900	(.)
Mx 	213.0262
Mx 	215.2283
T	17 w=2.2900	(.)
Mx 	219.8071
Mx 	222.0092
T	17 w=2.2900	(.)
Mx 	226.5879
Mx 	228.7901
T	17 w=2.2900	(.)
Mx 	233.3688
Mx 	235.5709
T	17 w=2.2900	(.)
Mx 	240.1497
Mx 	242.3518
T	17 w=2.2900	(.)
Mx 	246.9305
Mx 	249.1327
T	17 w=2.2900	(.)
Mx 	253.7114
Mx 	255.9136
T	17 w=2.2900	(.)
Mx 	260.4923
Mx 	262.6944
T	17 w=2.2900	(.)
Mx 	267.2732
Mx 	269.4753
T	17 w=2.2900	(.)
Mx 	274.0540
Mx 	276.2562
T	17 w=2.2900	(.)
Mx 	280.8349
Mx 	283.0371
T	17 w=2.2900	(.)
Mx 	287.6158
Mx 	289.8179
T	17 w=2.2900	(.)
Mx 	294.3967
Mx 	296.5988
T	17 w=2.2900	(.)
Mx 	301.1775
Mx 	303.3797
T	17 w=2.2900	(.)
Mx 	307.9584
Mx 	310.1606
T	17 w=2.2900	(.)
Mx 	314.7393
Mx 	316.9414
T	17 w=2.2900	(.)
Mx 	321.5202
Mx 	323.7223
T	17 w=2.2900	(.)
Mx 	328.3010
Mx 	330.5032
T	17 w=2.2900	(.)
Mx 	335.0819
Mx 	337.2841
T	17 w=2.2900	(.)
Mx 	341.8628
Mx 	344.0649
T	17 w=2.2900	(.)
Mx 	348.6437
Mx 	350.8458
T	17 w=2.2900	(.)
Mx 	355.4245
Mx 	357.6267
T	17 w=2.2900	(.)
Mx 	362.2054
Mx 	364.4076
T	17 w=2.2900	(.)
Mx 	368.9863
Mx 	371.1884
T	17 w=2.2900	(.)
Mx 	375.7672
Mx 	377.9693
T	17 w=2.2900	(.)
Mx 	382.5480
Mx 	384.7502
T	17 w=2.2900	(.)
Mx 	389.3289
Mx 	391.5311
T	17 w=2.2900	(.)
Mx 	396.1098
T	95 w=2.4414	(|)
Mx 	40.9764
My 	85.3321
T	95 w=2.4414	(|)
Mx 	43.4178
T	47 82 85 72 80 w=26.4014	(Lorem)
Mx 	69.8680
Mx 	72.0701
T	17 w=2.2900	(.)
Mx 	76.6112
Mx 	78.8133
T	17 w=2.2900	(.)
Mx 	83.3543
Mx 	85.5565
T	17 w=2.2900	(.)
Mx 	90.0975
Mx 	92.2997
T	17 w=2.2900	(.)
Mx 	96.8407
Mx 	99.0429
T	17 w=2.2900	(.)
Mx 	103.5839
Mx 	105.7860
T	17 w=2.2900	(.)
Mx 	110.3271
Mx 	112.5292
T	17 w=2.2900	(.)
Mx 	117.0702
Mx 	119.2724
T	17 w=2.2900	(.)
Mx 	123.8134
Mx 	126.0156
T	17 w=2.2900	(.)
Mx 	130.5566
Mx 	132.7587
T	17 w=2.2900	(.)
Mx 	137.2998
Mx 	139.5019
T	17 w=2.2900	(.)
Mx 	144.0430
Mx 	146.2451
T	17 w=2.2900	(.)
Mx 	150.7861
Mx 	152.9883
T	17 w=2.2900	(.)
Mx 	157.5293
Mx 	159.7315
T	17 w=2.2900	(.)
Mx 	164.2725
Mx 	166.4746
T	17 w=2.2900	(.)
Mx 	171.0157
Mx 	173.2178
T	17 w=2.2900	(.)
Mx 	177.7588
Mx 	179.9610
T	17 w=2.2900	(.)
Mx 	184.5020
Mx 	186.7042
T	17 w=2.2900	(.)
Mx 	191.2452
Mx 	193.4473
T	17 w=2.2900	(.)
Mx 	197.9884
Mx 	200.1905
T	17 w=2.2900	(.)
Mx 	204.7316
Mx 	206.9337
T	17 w=2.2900	(.)
Mx 	211.4747
Mx 	213.6769
T	17 w=2.2900	(.)
Mx 	218.2179
Mx 	220.4201
T	17 w=2.2900	(.)
Mx 	224.9611
Mx 	227.1632
T	17 w=2.2900	(.)
Mx 	231.7043
Mx 	233.9064
T	17 w=2.2900	(.)
Mx 	238.4474
Mx 	240.6496
T	17 w=2.2900	(.)
Mx 	245.1906
Mx 	247.3928
T	17 w=2.2900	(.)
Mx 	251.9338
Mx 	254.1360
T	17 w=2.2900	(.)
Mx 	258.6770
Mx 	260.8791
T	17 w=2.2900	(.)
Mx 	265.4202
Mx 	267.6223
T	17 w=2.2900	(.)
Mx 	272.1633
Mx 	274.3655
T	17 w=2.2900	(.)
Mx 	278.9065
Mx 	281.1087
T	17 w=2.2900	(.)
Mx 	285.6497
Mx 	287.8518
T	17 w=2.2900	(.)
Mx 	292.3929
Mx 	294.5950
T	17 w=2.2900	(.)
Mx 	299.1360
Mx 	301.3382
T	17 w=2.2900	(.)
Mx 	305.8792
Mx 	308.0814
T	17 w=2.2900	(.)
Mx 	312.6224
Mx 	314.8246
T	17 w=2.2900	(.)
Mx 	319.3656
Mx 	321.5677
T	17 w=2.2900	(.)
Mx 	326.1088
Mx 	328.3109
T	17 w=2.2900	(.)
Mx 	332.8519
Mx 	335.0541
T	17 w=2.2900	(.)
Mx 	339.5951
Mx 	341.7973
T	17 w=2.2900	(.)
Mx 	346.3383
T	76 83 86 88 80 w=25.2002	(ipsum)
Mx 	374.1811
T	71 82 79 82 85 w=21.9287	(dolor)
Mx 	396.1098
T	95 w=2.4414	(|)
End page
Finish
