Set paper size 	595.275597	841.8897729
Begin page
Mx 	49.7638
My 	52.8405
Set font 	Gentium Plus;10;400;;normal;;LTR
T	37 76 74 w=13.0859	(Big)
Mx 	65.5226
T	82 83 72 85 68 87 82 85 86 w=39.7900	(operators)
Mx 	105.3126
T	15 w=2.2900	(,)
Mx 	110.2755
T	87 72 91 87 w=16.5332	(text)
Mx 	126.8087
T	15 w=2.2900	(,)
Mx 	131.7716
T	48 68 87 75 48 47 w=34.4336	(MathML)
Mx 	166.2052
T	29 w=2.2900	(:)
Mx 	179.4181
My 	47.7505
Set font 	Libertinus Math;8;400;;normal;;LTR
T	2073 w=6.2800	(nil)
Mx 	171.1681
My 	52.8405
Set font 	Libertinus Math;10;400;;normal;;LTR
T	2223 w=8.2500	(nil)
Mx 	179.4181
My 	55.6505
Set font 	Libertinus Math;8;400;;normal;;LTR
T	2721 w=2.6400	(nil)
Mx 	182.0581
T	30 w=5.1840	(nil)
Mx 	187.2421
T	17 w=3.7200	(nil)
Mx 	203.0787
My 	47.7505
T	2073 w=6.2800	(nil)
Mx 	193.0587
My 	52.8405
Set font 	Libertinus Math;10;400;;normal;;LTR
T	2058 w=10.0200	(nil)
Mx 	203.0787
My 	55.6505
Set font 	Libertinus Math;8;400;;normal;;LTR
T	2725 w=3.7680	(nil)
Mx 	206.8467
T	30 w=5.1840	(nil)
Mx 	212.0307
T	17 w=3.7200	(nil)
Mx 	226.3174
My 	47.8005
T	79 w=4.3360	(nil)
Mx 	217.8474
My 	52.8405
Set font 	Libertinus Math;10;400;;normal;;LTR
T	2060 w=8.4700	(nil)
Mx 	226.3174
My 	55.6205
Set font 	Libertinus Math;8;400;;normal;;LTR
T	2724 w=5.7120	(nil)
Mx 	232.0294
T	30 w=5.1840	(nil)
Mx 	237.2134
T	17 w=3.7200	(nil)
Mx 	243.0301
My 	52.8405
Set font 	Libertinus Math;10;400;;normal;;LTR
T	70 w=4.4700	(nil)
Mx 	254.2761
My 	44.7465
Set font 	Libertinus Math;6;400;;normal;;LTR
T	78 w=4.7400	(nil)
Mx 	247.5001
My 	48.7785
Set font 	Libertinus Math;8;400;;normal;;LTR
T	2060 w=6.7760	(nil)
Mx 	254.2761
My 	51.0025
Set font 	Libertinus Math;6;400;;normal;;LTR
T	2720 w=1.3740	(nil)
Mx 	255.6501
T	30 w=3.8880	(nil)
Mx 	259.5381
T	17 w=2.7900	(nil)
Mx 	264.3387
My 	48.7785
Set font 	Libertinus Math;8;400;;normal;;LTR
T	862 w=3.9280	(nil)
Mx 	268.2667
My 	50.4585
Set font 	Libertinus Math;6;400;;normal;;LTR
T	2720 w=1.3740	(nil)
Mx 	269.6407
T	13 w=1.3200	(nil)
Mx 	270.9607
T	2721 w=1.9800	(nil)
Mx 	276.5689
My 	52.8405
Set font 	Libertinus Math;10;400;;normal;;LTR
T	30 w=6.4800	(nil)
Mx 	285.9031
T	17 w=4.6500	(nil)
Mx 	49.7638
My 	78.8517
Set font 	Gentium Plus;10;400;;normal;;LTR
T	37 76 74 w=13.0859	(Big)
Mx 	65.5067
T	82 83 72 85 68 87 82 85 86 w=39.7900	(operators)
Mx 	105.2967
T	15 w=2.2900	(,)
Mx 	110.2437
T	87 72 91 87 w=16.5332	(text)
Mx 	129.4338
T	11 w=3.1689	(()
Mx 	132.6028
T	79 68 85 74 72 w=20.7568	(large)
Mx 	156.0165
T	73 82 81 87 w=17.0996	(font)
Mx 	173.1161
T	12 w=3.1689	())
Mx 	176.2851
T	15 w=2.2900	(,)
Mx 	181.2321
T	48 68 87 75 48 47 w=34.4336	(MathML)
Mx 	215.6657
T	29 w=2.2900	(:)
Mx 	238.1196
My 	67.8497
Set font 	Libertinus Math;14.4;400;;normal;;LTR
T	2073 w=11.3040	(nil)
Mx 	223.2696
My 	78.8517
Set font 	Libertinus Math;18;400;;normal;;LTR
T	2223 w=14.8500	(nil)
Mx 	238.1196
My 	84.1509
Set font 	Libertinus Math;14.4;400;;normal;;LTR
T	2721 w=4.3488	(nil)
Mx 	242.4684
T	30 w=9.3312	(nil)
Mx 	251.7996
T	17 w=6.6960	(nil)
Mx 	279.9616
My 	67.8497
T	2073 w=11.3040	(nil)
Mx 	261.9256
My 	78.8517
Set font 	Libertinus Math;18;400;;normal;;LTR
T	2058 w=18.0360	(nil)
Mx 	279.9616
My 	84.0357
Set font 	Libertinus Math;14.4;400;;normal;;LTR
T	2725 w=6.6416	(nil)
Mx 	286.6032
T	30 w=9.3312	(nil)
Mx 	295.9344
T	17 w=6.6960	(nil)
Mx 	321.3064
My 	67.9397
T	79 w=7.8048	(nil)
Mx 	306.0604
My 	78.8517
Set font 	Libertinus Math;18;400;;normal;;LTR
T	2060 w=15.2460	(nil)
Mx 	321.3064
My 	84.0357
Set font 	Libertinus Math;14.4;400;;normal;;LTR
T	2724 w=10.1344	(nil)
Mx 	331.4408
T	30 w=9.3312	(nil)
Mx 	340.7720
T	17 w=6.6960	(nil)
Mx 	350.8980
My 	78.8517
Set font 	Libertinus Math;18;400;;normal;;LTR
T	70 w=8.0460	(nil)
Mx 	371.1408
My 	63.0001
Set font 	Libertinus Math;10.8;400;;normal;;LTR
T	78 w=8.5320	(nil)
Mx 	358.9440
My 	71.7297
Set font 	Libertinus Math;14.4;400;;normal;;LTR
T	2060 w=12.1968	(nil)
Mx 	371.1408
My 	75.5241
Set font 	Libertinus Math;10.8;400;;normal;;LTR
T	2720 w=2.4732	(nil)
Mx 	373.6140
T	30 w=6.9984	(nil)
Mx 	380.6124
T	17 w=5.0220	(nil)
Mx 	388.9784
My 	71.7297
Set font 	Libertinus Math;14.4;400;;normal;;LTR
T	862 w=7.0704	(nil)
Mx 	396.0488
My 	75.5241
Set font 	Libertinus Math;10.8;400;;normal;;LTR
T	2720 w=2.4732	(nil)
Mx 	398.5220
T	13 w=2.3760	(nil)
Mx 	400.8980
T	2721 w=3.2616	(nil)
Mx 	409.9988
My 	78.8517
Set font 	Libertinus Math;18;400;;normal;;LTR
T	30 w=11.6640	(nil)
Mx 	426.7280
T	17 w=8.3700	(nil)
Mx 	49.7638
My 	95.5560
Set font 	Gentium Plus;10;400;;normal;;LTR
T	37 76 74 w=13.0859	(Big)
Mx 	65.5346
T	82 83 72 85 68 87 82 85 86 w=39.7900	(operators)
Mx 	105.3246
T	15 w=2.2900	(,)
Mx 	110.2996
T	71 76 86 83 79 68 92 w=29.3018	(display)
Mx 	139.6013
T	15 w=2.2900	(,)
Mx 	144.5762
T	48 68 87 75 48 47 w=34.4336	(MathML)
Mx 	179.0098
T	29 w=2.2900	(:)
Mx 	253.9147
My 	111.6605
Set font 	Libertinus Math;8;400;;normal;;LTR
T	2073 w=6.2800	(nil)
Mx 	251.3647
My 	123.5405
Set font 	Libertinus Math;10;400;;normal;;LTR
Mx 	10.3800
T	3774 a=11.3800	(nil)
Mx 	251.2827
My 	134.3645
Set font 	Libertinus Math;8;400;;normal;;LTR
T	2721 w=2.6400	(nil)
Mx 	253.9227
T	30 w=5.1840	(nil)
Mx 	259.1067
T	17 w=3.7200	(nil)
Mx 	268.4434
My 	111.6155
T	2073 w=6.2800	(nil)
Mx 	264.4934
My 	123.5555
Set font 	Libertinus Math;10;400;;normal;;LTR
Mx 	13.1800
T	3666 a=14.1800	(nil)
Mx 	265.2474
My 	134.3455
Set font 	Libertinus Math;8;400;;normal;;LTR
T	2725 w=3.7680	(nil)
Mx 	269.0154
T	30 w=5.1840	(nil)
Mx 	274.1994
T	17 w=3.7200	(nil)
Mx 	285.4800
My 	111.7755
T	79 w=4.3360	(nil)
Mx 	281.4330
My 	123.5455
Set font 	Libertinus Math;10;400;;normal;;LTR
Mx 	10.6300
T	3665 a=12.4300	(nil)
Mx 	280.3400
My 	134.1855
Set font 	Libertinus Math;8;400;;normal;;LTR
T	2724 w=5.7120	(nil)
Mx 	286.0520
T	30 w=5.1840	(nil)
Mx 	291.2360
T	17 w=3.7200	(nil)
Mx 	296.6227
My 	123.6405
Set font 	Libertinus Math;10;400;;normal;;LTR
T	70 w=4.4700	(nil)
Mx 	307.8687
My 	115.5465
Set font 	Libertinus Math;6;400;;normal;;LTR
T	78 w=4.7400	(nil)
Mx 	301.0927
My 	119.5785
Set font 	Libertinus Math;8;400;;normal;;LTR
T	2060 w=6.7760	(nil)
Mx 	307.8687
My 	121.8025
Set font 	Libertinus Math;6;400;;normal;;LTR
T	2720 w=1.3740	(nil)
Mx 	309.2427
T	30 w=3.8880	(nil)
Mx 	313.1307
T	17 w=2.7900	(nil)
Mx 	317.9314
My 	119.5785
Set font 	Libertinus Math;8;400;;normal;;LTR
T	862 w=3.9280	(nil)
Mx 	321.8594
My 	121.2585
Set font 	Libertinus Math;6;400;;normal;;LTR
T	2720 w=1.3740	(nil)
Mx 	323.2334
T	13 w=1.3200	(nil)
Mx 	324.5534
T	2721 w=1.9800	(nil)
Mx 	330.0851
My 	123.6405
Set font 	Libertinus Math;10;400;;normal;;LTR
T	30 w=6.4800	(nil)
Mx 	339.3429
T	17 w=4.6500	(nil)
Mx 	49.7638
My 	153.8350
Set font 	Gentium Plus;10;400;;normal;;LTR
T	37 76 74 w=13.0859	(Big)
Mx 	65.5291
T	82 83 72 85 68 87 82 85 86 w=39.7900	(operators)
Mx 	105.3192
T	15 w=2.2900	(,)
Mx 	110.2887
T	71 76 86 83 79 68 92 w=29.3018	(display)
Mx 	142.2698
T	11 w=3.1689	(()
Mx 	145.4388
T	79 68 85 74 72 w=20.7568	(large)
Mx 	168.8750
T	73 82 81 87 w=17.0996	(font)
Mx 	185.9747
T	12 w=3.1689	())
Mx 	189.1436
T	15 w=2.2900	(,)
Mx 	194.1131
T	48 68 87 75 48 47 w=34.4336	(MathML)
Mx 	228.5467
T	29 w=2.2900	(:)
Mx 	219.6082
My 	172.8043
Set font 	Libertinus Math;14.4;400;;normal;;LTR
T	2073 w=11.3040	(nil)
Mx 	215.0182
My 	192.1883
Set font 	Libertinus Math;18;400;;normal;;LTR
Mx 	18.6840
T	3774 a=20.4840	(nil)
Mx 	215.0722
My 	210.4715
Set font 	Libertinus Math;14.4;400;;normal;;LTR
T	2721 w=4.3488	(nil)
Mx 	219.4210
T	30 w=9.3312	(nil)
Mx 	228.7522
T	17 w=6.6960	(nil)
Mx 	245.6122
My 	172.7233
T	2073 w=11.3040	(nil)
Mx 	238.5022
My 	192.2153
Set font 	Libertinus Math;18;400;;normal;;LTR
Mx 	23.7240
T	3666 a=25.5240	(nil)
Mx 	239.9298
My 	210.4373
Set font 	Libertinus Math;14.4;400;;normal;;LTR
T	2725 w=6.6416	(nil)
Mx 	246.5714
T	30 w=9.3312	(nil)
Mx 	255.9026
T	17 w=6.6960	(nil)
Mx 	276.2046
My 	173.0113
T	79 w=7.8048	(nil)
Mx 	268.9200
My 	192.1973
Set font 	Libertinus Math;18;400;;normal;;LTR
Mx 	19.1340
T	3665 a=22.3740	(nil)
Mx 	267.0262
My 	210.1493
Set font 	Libertinus Math;14.4;400;;normal;;LTR
T	2724 w=10.1344	(nil)
Mx 	277.1606
T	30 w=9.3312	(nil)
Mx 	286.4918
T	17 w=6.6960	(nil)
Mx 	296.1878
My 	190.2883
Set font 	Libertinus Math;18;400;;normal;;LTR
T	70 w=8.0460	(nil)
Mx 	316.4306
My 	174.4367
Set font 	Libertinus Math;10.8;400;;normal;;LTR
T	78 w=8.5320	(nil)
Mx 	304.2338
My 	183.1663
Set font 	Libertinus Math;14.4;400;;normal;;LTR
T	2060 w=12.1968	(nil)
Mx 	316.4306
My 	186.9607
Set font 	Libertinus Math;10.8;400;;normal;;LTR
T	2720 w=2.4732	(nil)
Mx 	318.9038
T	30 w=6.9984	(nil)
Mx 	325.9022
T	17 w=5.0220	(nil)
Mx 	334.2682
My 	183.1663
Set font 	Libertinus Math;14.4;400;;normal;;LTR
T	862 w=7.0704	(nil)
Mx 	341.3386
My 	186.9607
Set font 	Libertinus Math;10.8;400;;normal;;LTR
T	2720 w=2.4732	(nil)
Mx 	343.8118
T	13 w=2.3760	(nil)
Mx 	346.1878
T	2721 w=3.2616	(nil)
Mx 	355.2234
My 	190.2883
Set font 	Libertinus Math;18;400;;normal;;LTR
T	30 w=11.6640	(nil)
Mx 	371.8874
T	17 w=8.3700	(nil)
Mx 	49.7638
My 	234.1183
Set font 	Gentium Plus;10;400;;normal;;LTR
T	37 76 74 w=13.0859	(Big)
Mx 	65.5246
T	82 83 72 85 68 87 82 85 86 w=39.7900	(operators)
Mx 	105.3146
T	15 w=2.2900	(,)
Mx 	110.2795
T	87 72 91 87 w=16.5332	(text)
Mx 	126.8127
T	15 w=2.2900	(,)
Mx 	131.7776
T	55 72 59 w=16.2793	(TeX)
Mx 	148.0569
T	29 w=2.2900	(:)
Mx 	161.2718
My 	229.0283
Set font 	Libertinus Math;8;400;;normal;;LTR
T	2073 w=6.2800	(nil)
Mx 	153.0218
My 	234.1183
Set font 	Libertinus Math;10;400;;normal;;LTR
T	2223 w=8.2500	(nil)
Mx 	161.2718
My 	236.9283
Set font 	Libertinus Math;8;400;;normal;;LTR
T	2721 w=2.6400	(nil)
Mx 	163.9118
T	30 w=5.1840	(nil)
Mx 	169.0958
T	17 w=3.7200	(nil)
Mx 	184.9324
My 	229.0283
T	2073 w=6.2800	(nil)
Mx 	174.9124
My 	234.1183
Set font 	Libertinus Math;10;400;;normal;;LTR
T	2058 w=10.0200	(nil)
Mx 	184.9324
My 	236.9283
Set font 	Libertinus Math;8;400;;normal;;LTR
T	2725 w=3.7680	(nil)
Mx 	188.7004
T	30 w=5.1840	(nil)
Mx 	193.8844
T	17 w=3.7200	(nil)
Mx 	208.1711
My 	229.0783
T	2725 w=3.7680	(nil)
Mx 	199.7011
My 	234.1183
Set font 	Libertinus Math;10;400;;normal;;LTR
T	2060 w=8.4700	(nil)
Mx 	208.1711
My 	236.8983
Set font 	Libertinus Math;8;400;;normal;;LTR
T	2724 w=5.7120	(nil)
Mx 	213.8831
T	30 w=5.1840	(nil)
Mx 	219.0671
T	17 w=3.7200	(nil)
Mx 	224.8838
My 	234.1183
Set font 	Libertinus Math;10;400;;normal;;LTR
T	70 w=4.4700	(nil)
Mx 	236.1298
My 	226.0243
Set font 	Libertinus Math;6;400;;normal;;LTR
T	2724 w=4.2840	(nil)
Mx 	229.3538
My 	230.0563
Set font 	Libertinus Math;8;400;;normal;;LTR
T	2060 w=6.7760	(nil)
Mx 	236.1298
My 	232.2803
Set font 	Libertinus Math;6;400;;normal;;LTR
T	2720 w=1.3740	(nil)
Mx 	237.5038
T	30 w=3.8880	(nil)
Mx 	241.3918
T	17 w=2.7900	(nil)
Mx 	246.1924
My 	230.0563
Set font 	Libertinus Math;8;400;;normal;;LTR
T	862 w=3.9280	(nil)
Mx 	250.1204
My 	231.7363
Set font 	Libertinus Math;6;400;;normal;;LTR
T	2720 w=1.3740	(nil)
Mx 	251.4944
T	13 w=1.3200	(nil)
Mx 	252.8144
T	2721 w=1.9800	(nil)
Mx 	258.4276
My 	234.1183
Set font 	Libertinus Math;10;400;;normal;;LTR
T	30 w=6.4800	(nil)
Mx 	267.7668
T	17 w=4.6500	(nil)
Mx 	49.7638
My 	247.0726
Set font 	Gentium Plus;10;400;;normal;;LTR
T	37 76 74 w=13.0859	(Big)
Mx 	65.5366
T	82 83 72 85 68 87 82 85 86 w=39.7900	(operators)
Mx 	105.3266
T	15 w=2.2900	(,)
Mx 	110.3036
T	71 76 86 83 79 68 92 w=29.3018	(display)
Mx 	139.6053
T	15 w=2.2900	(,)
Mx 	144.5822
T	55 72 59 w=16.2793	(TeX)
Mx 	160.8615
T	29 w=2.2900	(:)
Mx 	253.9147
My 	263.1771
Set font 	Libertinus Math;8;400;;normal;;LTR
T	2073 w=6.2800	(nil)
Mx 	251.3647
My 	275.0571
Set font 	Libertinus Math;10;400;;normal;;LTR
Mx 	10.3800
T	3774 a=11.3800	(nil)
Mx 	251.2827
My 	285.8811
Set font 	Libertinus Math;8;400;;normal;;LTR
T	2721 w=2.6400	(nil)
Mx 	253.9227
T	30 w=5.1840	(nil)
Mx 	259.1067
T	17 w=3.7200	(nil)
Mx 	268.4434
My 	263.1321
T	2073 w=6.2800	(nil)
Mx 	264.4934
My 	275.0721
Set font 	Libertinus Math;10;400;;normal;;LTR
Mx 	13.1800
T	3666 a=14.1800	(nil)
Mx 	265.2474
My 	285.8621
Set font 	Libertinus Math;8;400;;normal;;LTR
T	2725 w=3.7680	(nil)
Mx 	269.0154
T	30 w=5.1840	(nil)
Mx 	274.1994
T	17 w=3.7200	(nil)
Mx 	285.7640
My 	263.2921
T	2725 w=3.7680	(nil)
Mx 	281.4330
My 	275.0621
Set font 	Libertinus Math;10;400;;normal;;LTR
Mx 	10.6300
T	3665 a=12.4300	(nil)
Mx 	280.3400
My 	285.7021
Set font 	Libertinus Math;8;400;;normal;;LTR
T	2724 w=5.7120	(nil)
Mx 	286.0520
T	30 w=5.1840	(nil)
Mx 	291.2360
T	17 w=3.7200	(nil)
Mx 	296.6227
My 	275.1571
Set font 	Libertinus Math;10;400;;normal;;LTR
T	70 w=4.4700	(nil)
Mx 	307.8687
My 	267.0631
Set font 	Libertinus Math;6;400;;normal;;LTR
T	2724 w=4.2840	(nil)
Mx 	301.0927
My 	271.0951
Set font 	Libertinus Math;8;400;;normal;;LTR
T	2060 w=6.7760	(nil)
Mx 	307.8687
My 	273.3191
Set font 	Libertinus Math;6;400;;normal;;LTR
T	2720 w=1.3740	(nil)
Mx 	309.2427
T	30 w=3.8880	(nil)
Mx 	313.1307
T	17 w=2.7900	(nil)
Mx 	317.9314
My 	271.0951
Set font 	Libertinus Math;8;400;;normal;;LTR
T	862 w=3.9280	(nil)
Mx 	321.8594
My 	272.7751
Set font 	Libertinus Math;6;400;;normal;;LTR
T	2720 w=1.3740	(nil)
Mx 	323.2334
T	13 w=1.3200	(nil)
Mx 	324.5534
T	2721 w=1.9800	(nil)
Mx 	330.0851
My 	275.1571
Set font 	Libertinus Math;10;400;;normal;;LTR
T	30 w=6.4800	(nil)
Mx 	339.3429
T	17 w=4.6500	(nil)
Mx 	49.7638
My 	307.2031
Set font 	Gentium Plus;10;400;;normal;;LTR
T	44 81 87 72 74 85 68 79 86 w=36.5576	(Integrals)
Mx 	86.3214
T	15 w=2.2900	(,)
Mx 	91.2855
T	87 72 91 87 w=16.5332	(text)
Mx 	107.8187
T	15 w=2.2900	(,)
Mx 	112.7827
T	48 68 87 75 48 47 w=34.4336	(MathML)
Mx 	147.2163
T	29 w=2.2900	(:)
Mx 	152.1804
Set font 	Libertinus Math;10;400;;normal;;LTR
T	2090 w=8.9000	(nil)
Mx 	158.0804
My 	310.5431
Set font 	Libertinus Math;8;400;;normal;;LTR
T	2705 w=3.8560	(nil)
Mx 	162.3664
My 	307.2031
Set font 	Libertinus Math;10;400;;normal;;LTR
T	2639 w=5.6200	(nil)
Mx 	170.2404
T	2227 w=2.0800	(nil)
Mx 	174.5743
T	2664 2653 w=10.0200	(nil)
Mx 	187.4514
T	30 w=6.4800	(nil)
Draw line	196.7885	304.2781	6.3100	0.6500
Mx 	198.0835
My 	302.4031
Set font 	Libertinus Math;8;400;;normal;;LTR
T	18 w=3.7200	(nil)
Mx 	196.7885
My 	312.0031
T	863 w=3.1760	(nil)
Mx 	199.9645
My 	313.6831
Set font 	Libertinus Math;6;400;;normal;;LTR
T	17 w=2.7900	(nil)
Mx 	203.0985
My 	307.2031
Set font 	Libertinus Math;10;400;;normal;;LTR
T	2088 w=11.2500	(nil)
Mx 	211.3485
My 	310.5431
Set font 	Libertinus Math;8;400;;normal;;LTR
T	2708 w=5.2480	(nil)
Mx 	217.0265
My 	307.2031
Set font 	Libertinus Math;10;400;;normal;;LTR
T	875 w=5.2500	(nil)
Mx 	222.2765
T	69 55 w=11.5800	(nil)
Mx 	236.7137
T	30 w=6.4800	(nil)
Mx 	246.0508
T	2086 w=6.4500	(nil)
Mx 	249.5008
My 	310.5431
Set font 	Libertinus Math;8;400;;normal;;LTR
T	17 w=3.7200	(nil)
Mx 	251.0008
My 	301.4031
T	2735 w=4.3280	(nil)
Mx 	255.7588
My 	307.2031
Set font 	Libertinus Math;10;400;;normal;;LTR
T	2718 w=5.8900	(nil)
Mx 	261.6488
Mx 	2.8200
T	9 a=3.5600	(nil)
Mx 	265.2088
T	2731 w=3.0300	(nil)
Mx 	268.2388
Mx 	2.8200
T	10 a=3.5600	(nil)
Mx 	271.7988
T	69 w=5.0600	(nil)
Mx 	276.8588
T	2731 w=3.0300	(nil)
Mx 	49.7638
My 	333.3447
Set font 	Gentium Plus;10;400;;normal;;LTR
T	44 81 87 72 74 85 68 79 86 w=36.5576	(Integrals)
Mx 	86.3214
T	15 w=2.2900	(,)
Mx 	91.2689
T	87 72 91 87 w=16.5332	(text)
Mx 	110.4595
T	11 w=3.1689	(()
Mx 	113.6285
T	79 68 85 74 72 w=20.7568	(large)
Mx 	137.0428
T	73 82 81 87 w=17.0996	(font)
Mx 	154.1424
T	12 w=3.1689	())
Mx 	157.3113
T	15 w=2.2900	(,)
Mx 	162.2588
T	48 68 87 75 48 47 w=34.4336	(MathML)
Mx 	196.6924
T	29 w=2.2900	(:)
Mx 	204.2973
Set font 	Libertinus Math;18;400;;normal;;LTR
T	2090 w=14.8200	(nil)
Mx 	216.1173
My 	339.2199
Set font 	Libertinus Math;14.4;400;;normal;;LTR
T	2705 w=6.5632	(nil)
Mx 	223.1105
My 	333.3447
Set font 	Libertinus Math;18;400;;normal;;LTR
T	2639 w=10.1160	(nil)
Mx 	237.2535
T	2227 w=3.7440	(nil)
Mx 	245.0245
T	2664 2653 w=18.0360	(nil)
Mx 	268.1280
T	30 w=11.6640	(nil)
Draw line	284.8595	330.4197	11.0828	0.6500
Mx 	287.0529
My 	328.5447
Set font 	Libertinus Math;14.4;400;;normal;;LTR
T	18 w=6.6960	(nil)
Mx 	284.8595
My 	338.1447
T	863 w=5.7168	(nil)
Mx 	290.5763
My 	341.8527
Set font 	Libertinus Math;10.8;400;;normal;;LTR
T	17 w=5.0220	(nil)
Mx 	295.9423
My 	333.3447
Set font 	Libertinus Math;18;400;;normal;;LTR
T	2088 w=19.0500	(nil)
Mx 	311.9923
My 	339.0615
Set font 	Libertinus Math;14.4;400;;normal;;LTR
T	2708 w=8.4992	(nil)
Mx 	320.9215
My 	333.3447
Set font 	Libertinus Math;18;400;;normal;;LTR
T	875 w=9.4500	(nil)
Mx 	330.3715
T	69 55 w=20.8440	(nil)
Mx 	356.2830
T	30 w=11.6640	(nil)
Mx 	373.0145
T	2086 w=10.4100	(nil)
Mx 	380.4245
My 	338.9967
Set font 	Libertinus Math;14.4;400;;normal;;LTR
T	17 w=6.6960	(nil)
Mx 	381.9245
My 	321.0647
T	2735 w=7.2720	(nil)
Mx 	389.6265
My 	333.3447
Set font 	Libertinus Math;18;400;;normal;;LTR
T	2718 w=9.2580	(nil)
Mx 	398.8845
Mx 	5.0760
T	9 a=6.4080	(nil)
Mx 	405.2925
T	2731 w=4.8460	(nil)
Mx 	410.1385
Mx 	5.0760
T	10 a=6.4080	(nil)
Mx 	416.5465
T	69 w=9.1080	(nil)
Mx 	425.6545
T	2731 w=4.8460	(nil)
Mx 	49.7638
My 	350.5291
Set font 	Gentium Plus;10;400;;normal;;LTR
T	44 81 87 72 74 85 68 79 86 w=36.5576	(Integrals)
Mx 	86.3214
T	15 w=2.2900	(,)
Mx 	91.2984
T	71 76 86 83 79 68 92 w=29.3018	(display)
Mx 	120.6002
T	15 w=2.2900	(,)
Mx 	125.5772
T	48 68 87 75 48 47 w=34.4336	(MathML)
Mx 	160.0108
T	29 w=2.2900	(:)
Mx 	228.8940
My 	377.7845
Set font 	Libertinus Math;10;400;;normal;;LTR
Mx 	9.7200
T	3908 a=10.3700	(nil)
Mx 	237.4640
My 	386.5545
Set font 	Libertinus Math;8;400;;normal;;LTR
T	2705 w=3.8560	(nil)
Mx 	241.7500
My 	377.7845
Set font 	Libertinus Math;10;400;;normal;;LTR
T	2639 w=5.6200	(nil)
Mx 	249.5922
T	2227 w=2.0800	(nil)
Mx 	253.8945
T	2664 2653 w=10.0200	(nil)
Mx 	266.6922
T	30 w=6.4800	(nil)
Draw line	275.9500	374.8595	8.1200	0.6500
Mx 	277.6850
My 	371.9845
T	18 w=4.6500	(nil)
Mx 	275.9500
My 	384.7845
T	863 w=3.9700	(nil)
Mx 	279.9200
My 	386.8845
Set font 	Libertinus Math;8;400;;normal;;LTR
T	17 w=3.7200	(nil)
Mx 	284.0700
My 	377.7845
Set font 	Libertinus Math;10;400;;normal;;LTR
Mx 	12.1800
T	3663 a=13.7400	(nil)
Mx 	296.0100
My 	386.5545
Set font 	Libertinus Math;8;400;;normal;;LTR
T	2708 w=5.2480	(nil)
Mx 	301.6880
My 	377.7845
Set font 	Libertinus Math;10;400;;normal;;LTR
T	875 w=5.2500	(nil)
Mx 	306.9380
T	69 55 w=11.5800	(nil)
Mx 	321.2958
T	30 w=6.4800	(nil)
Mx 	330.5536
Mx 	5.3800
T	3661 a=6.9400	(nil)
Mx 	335.6936
My 	386.5545
Set font 	Libertinus Math;8;400;;normal;;LTR
T	17 w=3.7200	(nil)
Mx 	337.4936
My 	366.5645
T	2735 w=4.3280	(nil)
Mx 	342.2516
My 	377.7845
Set font 	Libertinus Math;10;400;;normal;;LTR
T	2718 w=5.8900	(nil)
Mx 	348.1416
Mx 	2.8200
T	9 a=3.5600	(nil)
Mx 	351.7016
T	2731 w=3.0300	(nil)
Mx 	354.7316
Mx 	2.8200
T	10 a=3.5600	(nil)
Mx 	358.2916
T	69 w=5.0600	(nil)
Mx 	363.3516
T	2731 w=3.0300	(nil)
Mx 	49.7638
My 	404.8590
Set font 	Gentium Plus;10;400;;normal;;LTR
T	44 81 87 72 74 85 68 79 86 w=36.5576	(Integrals)
Mx 	86.3214
T	15 w=2.2900	(,)
Mx 	91.2930
T	71 76 86 83 79 68 92 w=29.3018	(display)
Mx 	123.2762
T	11 w=3.1689	(()
Mx 	126.4452
T	79 68 85 74 72 w=20.7568	(large)
Mx 	149.8835
T	73 82 81 87 w=17.0996	(font)
Mx 	166.9831
T	12 w=3.1689	())
Mx 	170.1521
T	15 w=2.2900	(,)
Mx 	175.1236
T	48 68 87 75 48 47 w=34.4336	(MathML)
Mx 	209.5572
T	29 w=2.2900	(:)
Mx 	175.3486
My 	443.6601
Set font 	Libertinus Math;18;400;;normal;;LTR
Mx 	17.4960
T	3908 a=18.6660	(nil)
Mx 	192.2146
My 	461.1661
Set font 	Libertinus Math;14.4;400;;normal;;LTR
T	2705 w=6.5632	(nil)
Mx 	199.2078
My 	443.6601
Set font 	Libertinus Math;18;400;;normal;;LTR
T	2639 w=10.1160	(nil)
Mx 	213.3238
T	2227 w=3.7440	(nil)
Mx 	221.0678
T	2664 2653 w=18.0360	(nil)
Mx 	244.1038
T	30 w=11.6640	(nil)
Draw line	260.7678	440.7351	14.2720	0.6500
Mx 	263.7188
My 	437.8601
T	18 w=8.3700	(nil)
Mx 	260.7678
My 	451.2671
T	863 w=7.1460	(nil)
Mx 	267.9138
My 	456.4511
Set font 	Libertinus Math;14.4;400;;normal;;LTR
T	17 w=6.6960	(nil)
Mx 	275.0398
My 	443.6601
Set font 	Libertinus Math;18;400;;normal;;LTR
Mx 	21.9240
T	3663 a=24.7320	(nil)
Mx 	297.9718
My 	461.1661
Set font 	Libertinus Math;14.4;400;;normal;;LTR
T	2708 w=8.4992	(nil)
Mx 	306.9010
My 	443.6601
Set font 	Libertinus Math;18;400;;normal;;LTR
T	875 w=9.4500	(nil)
Mx 	316.3510
T	69 55 w=20.8440	(nil)
Mx 	342.1950
T	30 w=11.6640	(nil)
Mx 	358.8590
Mx 	9.6840
T	3661 a=12.4920	(nil)
Mx 	369.5510
My 	461.1661
Set font 	Libertinus Math;14.4;400;;normal;;LTR
T	17 w=6.6960	(nil)
Mx 	371.3510
My 	423.7041
T	2735 w=7.2720	(nil)
Mx 	379.0530
My 	443.6601
Set font 	Libertinus Math;18;400;;normal;;LTR
T	2718 w=9.2580	(nil)
Mx 	388.3110
Mx 	5.0760
T	9 a=6.4080	(nil)
Mx 	394.7190
T	2731 w=4.8460	(nil)
Mx 	399.5650
Mx 	5.0760
T	10 a=6.4080	(nil)
Mx 	405.9730
T	69 w=9.1080	(nil)
Mx 	415.0810
T	2731 w=4.8460	(nil)
Mx 	49.7638
My 	481.0849
Set font 	Gentium Plus;10;400;;normal;;LTR
T	44 81 87 72 74 85 68 79 86 w=36.5576	(Integrals)
Mx 	86.3214
T	15 w=2.2900	(,)
Mx 	91.2875
T	87 72 91 87 w=16.5332	(text)
Mx 	107.8207
T	15 w=2.2900	(,)
Mx 	112.7867
T	55 72 59 w=16.2793	(TeX)
Mx 	129.0660
T	29 w=2.2900	(:)
Mx 	134.0321
Set font 	Libertinus Math;10;400;;normal;;LTR
T	2090 w=8.9000	(nil)
Mx 	139.9321
My 	484.4249
Set font 	Libertinus Math;8;400;;normal;;LTR
T	2705 w=3.8560	(nil)
Mx 	144.2181
My 	481.0849
Set font 	Libertinus Math;10;400;;normal;;LTR
T	2639 w=5.6200	(nil)
Mx 	152.0941
T	2227 w=2.0800	(nil)
Mx 	156.4300
T	2664 2653 w=10.0200	(nil)
Mx 	169.3122
T	30 w=6.4800	(nil)
Draw line	178.6543	478.1599	6.3100	0.6500
Mx 	179.9493
My 	476.2849
Set font 	Libertinus Math;8;400;;normal;;LTR
T	18 w=3.7200	(nil)
Mx 	178.6543
My 	485.8849
T	863 w=3.1760	(nil)
Mx 	181.8303
My 	487.5649
Set font 	Libertinus Math;6;400;;normal;;LTR
T	17 w=2.7900	(nil)
Mx 	184.9643
My 	481.0849
Set font 	Libertinus Math;10;400;;normal;;LTR
T	2088 w=11.2500	(nil)
Mx 	193.2143
My 	484.4249
Set font 	Libertinus Math;8;400;;normal;;LTR
T	2708 w=5.2480	(nil)
Mx 	198.8923
My 	481.0849
Set font 	Libertinus Math;10;400;;normal;;LTR
T	875 w=5.2500	(nil)
Mx 	204.1423
T	69 55 w=11.5800	(nil)
Mx 	218.5845
T	30 w=6.4800	(nil)
Mx 	227.9266
T	2086 w=6.4500	(nil)
Mx 	231.3766
My 	484.4249
Set font 	Libertinus Math;8;400;;normal;;LTR
T	17 w=3.7200	(nil)
Mx 	232.8766
My 	475.2849
T	2735 w=4.3280	(nil)
Mx 	237.6346
My 	481.0849
Set font 	Libertinus Math;10;400;;normal;;LTR
T	2718 w=5.8900	(nil)
Mx 	243.5246
Mx 	2.8200
T	9 a=3.5600	(nil)
Mx 	247.0846
T	2731 w=3.0300	(nil)
Mx 	250.1146
Mx 	2.8200
T	10 a=3.5600	(nil)
Mx 	253.6746
T	69 w=5.0600	(nil)
Mx 	258.7346
T	2731 w=3.0300	(nil)
Mx 	49.7638
My 	496.1933
Set font 	Gentium Plus;10;400;;normal;;LTR
T	44 81 87 72 74 85 68 79 86 w=36.5576	(Integrals)
Mx 	86.3214
T	15 w=2.2900	(,)
Mx 	91.3004
T	71 76 86 83 79 68 92 w=29.3018	(display)
Mx 	120.6022
T	15 w=2.2900	(,)
Mx 	125.5812
T	55 72 59 w=16.2793	(TeX)
Mx 	141.8605
T	29 w=2.2900	(:)
Mx 	228.8940
My 	523.4487
Set font 	Libertinus Math;10;400;;normal;;LTR
Mx 	9.7200
T	3908 a=10.3700	(nil)
Mx 	237.4640
My 	532.2187
Set font 	Libertinus Math;8;400;;normal;;LTR
T	2705 w=3.8560	(nil)
Mx 	241.7500
My 	523.4487
Set font 	Libertinus Math;10;400;;normal;;LTR
T	2639 w=5.6200	(nil)
Mx 	249.5922
T	2227 w=2.0800	(nil)
Mx 	253.8945
T	2664 2653 w=10.0200	(nil)
Mx 	266.6922
T	30 w=6.4800	(nil)
Draw line	275.9500	520.5237	8.1200	0.6500
Mx 	277.6850
My 	517.6487
T	18 w=4.6500	(nil)
Mx 	275.9500
My 	530.4487
T	863 w=3.9700	(nil)
Mx 	279.9200
My 	532.5487
Set font 	Libertinus Math;8;400;;normal;;LTR
T	17 w=3.7200	(nil)
Mx 	284.0700
My 	523.4487
Set font 	Libertinus Math;10;400;;normal;;LTR
Mx 	12.1800
T	3663 a=13.7400	(nil)
Mx 	296.0100
My 	532.2187
Set font 	Libertinus Math;8;400;;normal;;LTR
T	2708 w=5.2480	(nil)
Mx 	301.6880
My 	523.4487
Set font 	Libertinus Math;10;400;;normal;;LTR
T	875 w=5.2500	(nil)
Mx 	306.9380
T	69 55 w=11.5800	(nil)
Mx 	321.2958
T	30 w=6.4800	(nil)
Mx 	330.5536
Mx 	5.3800
T	3661 a=6.9400	(nil)
Mx 	335.6936
My 	532.2187
Set font 	Libertinus Math;8;400;;normal;;LTR
T	17 w=3.7200	(nil)
Mx 	337.4936
My 	512.2287
T	2735 w=4.3280	(nil)
Mx 	342.2516
My 	523.4487
Set font 	Libertinus Math;10;400;;normal;;LTR
T	2718 w=5.8900	(nil)
Mx 	348.1416
Mx 	2.8200
T	9 a=3.5600	(nil)
Mx 	351.7016
T	2731 w=3.0300	(nil)
Mx 	354.7316
Mx 	2.8200
T	10 a=3.5600	(nil)
Mx 	358.2916
T	69 w=5.0600	(nil)
Mx 	363.3516
T	2731 w=3.0300	(nil)
Mx 	295.2916
My 	780.6177
Set font 	Gentium Plus;10;400;;normal;;LTR
T	20 w=4.6924	(1)
End page
Finish
