Set paper size 	297.6377985	419.5275636
Begin page
End page
Finish
